2026-02-10 17:51:09,656 WARNING YOLO model not found at C:\Users\asmit\FindMySpot\ai-service\models\best.pt
2026-02-10 17:51:09,664 WARNING Using CPU. Note: This module is much faster with a GPU.
2026-02-10 18:05:22,462 WARNING YOLO model not found at C:\Users\asmit\FindMySpot\ai-service\models\best.pt
2026-02-10 18:05:22,464 WARNING Using CPU. Note: This module is much faster with a GPU.
2026-02-10 18:05:24,498 INFO [31m[1mWARNING: This is a development server. Do not use it in a production deployment. Use a production WSGI server instead.[0m
 * Running on http://127.0.0.1:5000
2026-02-10 18:05:24,499 INFO [33mPress CTRL+C to quit[0m
2026-02-10 18:05:24,502 INFO  * Restarting with stat
2026-02-10 18:05:28,947 WARNING YOLO model not found at C:\Users\asmit\FindMySpot\ai-service\models\best.pt
2026-02-10 18:05:28,948 WARNING Using CPU. Note: This module is much faster with a GPU.
2026-02-10 18:05:30,543 WARNING  * Debugger is active!
2026-02-10 18:05:30,547 INFO  * Debugger PIN: 472-782-037
2026-02-10 18:05:44,087 INFO 127.0.0.1 - - [10/Feb/2026 18:05:44] "[33mGET / HTTP/1.1[0m" 404 -
2026-02-10 18:05:46,979 INFO 127.0.0.1 - - [10/Feb/2026 18:05:46] "[33mGET / HTTP/1.1[0m" 404 -
2026-02-10 18:05:47,113 INFO 127.0.0.1 - - [10/Feb/2026 18:05:47] "[33mGET /favicon.ico HTTP/1.1[0m" 404 -
2026-02-10 18:05:49,337 INFO 127.0.0.1 - - [10/Feb/2026 18:05:49] "[33mGET / HTTP/1.1[0m" 404 -
2026-02-10 18:05:57,035 INFO 127.0.0.1 - - [10/Feb/2026 18:05:57] "[33mGET / HTTP/1.1[0m" 404 -
2026-02-10 18:05:58,101 INFO 127.0.0.1 - - [10/Feb/2026 18:05:58] "[33mGET / HTTP/1.1[0m" 404 -
2026-02-10 18:06:10,818 INFO 127.0.0.1 - - [10/Feb/2026 18:06:10] "[33mGET / HTTP/1.1[0m" 404 -
2026-02-10 18:06:49,930 INFO 127.0.0.1 - - [10/Feb/2026 18:06:49] "GET /api/health HTTP/1.1" 200 -
2026-02-10 18:07:33,107 WARNING YOLO model not found at C:\Users\asmit\FindMySpot\ai-service\models\best.pt
2026-02-10 18:07:33,108 WARNING Using CPU. Note: This module is much faster with a GPU.
2026-02-10 18:07:37,046 INFO No valid plate in frame; fallback OCR attempted.
2026-02-10 18:07:38,062 INFO No valid plate in frame; fallback OCR attempted.
2026-02-10 18:07:38,731 INFO No valid plate in frame; fallback OCR attempted.
2026-02-10 18:07:39,102 INFO No valid plate in frame; fallback OCR attempted.
2026-02-10 18:07:39,826 INFO No valid plate in frame; fallback OCR attempted.
2026-02-10 18:07:40,619 INFO No valid plate in frame; fallback OCR attempted.
2026-02-10 18:07:41,221 INFO No valid plate in frame; fallback OCR attempted.
2026-02-10 18:07:41,781 INFO No valid plate in frame; fallback OCR attempted.
2026-02-10 18:07:42,385 INFO No valid plate in frame; fallback OCR attempted.
2026-02-10 18:07:43,038 INFO No valid plate in frame; fallback OCR attempted.
2026-02-10 18:07:43,531 INFO No valid plate in frame; fallback OCR attempted.
2026-02-10 18:07:44,116 INFO No valid plate in frame; fallback OCR attempted.
2026-02-10 18:07:44,726 INFO No valid plate in frame; fallback OCR attempted.
2026-02-10 18:07:45,512 INFO No valid plate in frame; fallback OCR attempted.
2026-02-10 18:07:46,293 INFO No valid plate in frame; fallback OCR attempted.
2026-02-10 18:07:46,975 INFO No valid plate in frame; fallback OCR attempted.
2026-02-10 18:07:47,682 INFO No valid plate in frame; fallback OCR attempted.
2026-02-10 18:07:48,287 INFO No valid plate in frame; fallback OCR attempted.
2026-02-10 18:07:48,871 INFO No valid plate in frame; fallback OCR attempted.
2026-02-10 18:07:49,753 INFO No valid plate in frame; fallback OCR attempted.
2026-02-10 18:07:50,830 INFO No valid plate in frame; fallback OCR attempted.
2026-02-10 18:07:51,664 INFO No valid plate in frame; fallback OCR attempted.
2026-02-10 18:07:53,071 INFO No valid plate in frame; fallback OCR attempted.
2026-02-10 18:07:53,724 INFO No valid plate in frame; fallback OCR attempted.
2026-02-10 18:07:56,497 INFO No valid plate in frame; fallback OCR attempted.
2026-02-10 18:07:57,091 INFO No valid plate in frame; fallback OCR attempted.
2026-02-10 18:07:57,099 INFO Vote window ended without consensus. hits=1 cooldown=False
2026-02-10 18:07:57,526 INFO No valid plate in frame; fallback OCR attempted.
2026-02-10 18:07:59,109 INFO No valid plate in frame; fallback OCR attempted.
2026-02-10 18:08:03,086 INFO No valid plate in frame; fallback OCR attempted.
2026-02-10 18:08:03,094 INFO Vote window ended without consensus. hits=2 cooldown=False
2026-02-10 18:08:07,773 INFO No valid plate in frame; fallback OCR attempted.
2026-02-10 18:08:08,353 INFO No valid plate in frame; fallback OCR attempted.
2026-02-10 18:08:08,361 INFO Vote window ended without consensus. hits=1 cooldown=False
2026-02-10 18:08:09,151 INFO No valid plate in frame; fallback OCR attempted.
2026-02-10 18:08:11,075 INFO No valid plate in frame; fallback OCR attempted.
2026-02-10 18:08:13,065 INFO No valid plate in frame; fallback OCR attempted.
2026-02-10 18:08:14,106 INFO No valid plate in frame; fallback OCR attempted.
2026-02-10 18:08:14,638 INFO No valid plate in frame; fallback OCR attempted.
2026-02-10 18:08:14,644 INFO Vote window ended without consensus. hits=1 cooldown=False
2026-02-10 18:08:16,960 INFO No valid plate in frame; fallback OCR attempted.
2026-02-10 18:08:17,935 INFO No valid plate in frame; fallback OCR attempted.
2026-02-10 18:08:18,943 INFO No valid plate in frame; fallback OCR attempted.
2026-02-10 18:08:20,225 INFO No valid plate in frame; fallback OCR attempted.
2026-02-10 18:08:22,040 INFO No valid plate in frame; fallback OCR attempted.
2026-02-10 18:08:22,041 INFO Vote window ended without consensus. hits=1 cooldown=False
2026-02-10 18:08:44,173 WARNING YOLO model not found at C:\Users\asmit\FindMySpot\ai-service\models\best.pt
2026-02-10 18:08:44,173 WARNING Using CPU. Note: This module is much faster with a GPU.
2026-02-10 18:08:47,100 INFO No valid plate in frame; fallback OCR attempted.
2026-02-10 18:08:47,496 INFO No valid plate in frame; fallback OCR attempted.
2026-02-10 18:08:48,057 INFO No valid plate in frame; fallback OCR attempted.
2026-02-10 18:08:48,713 INFO No valid plate in frame; fallback OCR attempted.
2026-02-10 18:08:49,256 INFO No valid plate in frame; fallback OCR attempted.
2026-02-10 18:08:51,013 INFO No valid plate in frame; fallback OCR attempted.
2026-02-10 18:08:52,244 INFO No valid plate in frame; fallback OCR attempted.
2026-02-10 18:08:53,868 INFO No valid plate in frame; fallback OCR attempted.
2026-02-10 18:08:55,402 INFO No valid plate in frame; fallback OCR attempted.
2026-02-10 18:08:55,404 INFO Vote window ended without consensus. hits=2 cooldown=False
2026-02-10 18:08:56,167 INFO No valid plate in frame; fallback OCR attempted.
2026-02-10 18:08:56,848 INFO No valid plate in frame; fallback OCR attempted.
2026-02-10 18:08:57,378 INFO No valid plate in frame; fallback OCR attempted.
2026-02-10 18:08:57,885 INFO No valid plate in frame; fallback OCR attempted.
2026-02-10 18:08:58,838 INFO No valid plate in frame; fallback OCR attempted.
2026-02-10 18:08:59,273 INFO No valid plate in frame; fallback OCR attempted.
2026-02-10 18:09:00,591 INFO No valid plate in frame; fallback OCR attempted.
2026-02-10 18:09:01,443 INFO No valid plate in frame; fallback OCR attempted.
2026-02-10 18:09:02,015 INFO No valid plate in frame; fallback OCR attempted.
2026-02-10 18:09:02,370 INFO No valid plate in frame; fallback OCR attempted.
2026-02-10 18:09:02,906 INFO No valid plate in frame; fallback OCR attempted.
2026-02-10 18:09:03,447 INFO No valid plate in frame; fallback OCR attempted.
2026-02-10 18:09:04,739 INFO No valid plate in frame; fallback OCR attempted.
2026-02-10 18:09:04,750 INFO Vote window ended without consensus. hits=1 cooldown=False
2026-02-10 18:09:05,430 INFO No valid plate in frame; fallback OCR attempted.
2026-02-10 18:09:07,074 INFO No valid plate in frame; fallback OCR attempted.
2026-02-10 18:09:08,950 INFO No valid plate in frame; fallback OCR attempted.
2026-02-10 18:09:09,987 INFO No valid plate in frame; fallback OCR attempted.
2026-02-10 18:09:11,258 INFO No valid plate in frame; fallback OCR attempted.
2026-02-10 18:09:11,589 INFO No valid plate in frame; fallback OCR attempted.
2026-02-10 18:09:12,174 INFO No valid plate in frame; fallback OCR attempted.
2026-02-10 18:09:12,194 INFO Vote window ended without consensus. hits=2 cooldown=False
2026-02-10 18:10:16,897 WARNING YOLO model not found at C:\Users\asmit\FindMySpot\ai-service\models\best.pt
2026-02-10 18:10:16,899 WARNING Using CPU. Note: This module is much faster with a GPU.
2026-02-10 18:10:20,538 INFO No valid plate in frame; fallback OCR attempted.
2026-02-10 18:10:20,948 INFO No valid plate in frame; fallback OCR attempted.
2026-02-10 18:10:21,486 INFO No valid plate in frame; fallback OCR attempted.
2026-02-10 18:10:22,184 INFO OCR detected: 'ABCH1234' with confidence 0.63
2026-02-10 18:10:22,185 INFO Valid plate candidate: ABCH1234
2026-02-10 18:10:23,125 INFO OCR detected: 'VJ16' with confidence 0.18
2026-02-10 18:10:23,126 INFO OCR detected: 'ABCA1234' with confidence 0.21
2026-02-10 18:10:23,126 INFO OCR detected: 'E' with confidence 0.47
2026-02-10 18:10:23,127 INFO OCR detected: '15' with confidence 0.13
2026-02-10 18:10:23,905 INFO No valid plate in frame; fallback OCR attempted.
2026-02-10 18:10:24,680 INFO OCR detected: 'FNEWYORI' with confidence 0.69
2026-02-10 18:10:24,681 INFO Valid plate candidate: FNEWYORI
2026-02-10 18:10:24,681 INFO OCR detected: 'ABC12347' with confidence 0.51
2026-02-10 18:10:24,682 INFO Valid plate candidate: ABC12347
2026-02-10 18:10:25,438 INFO OCR detected: 'FNEWYORI' with confidence 0.69
2026-02-10 18:10:25,439 INFO Valid plate candidate: FNEWYORI
2026-02-10 18:10:25,439 INFO OCR detected: 'ABC12347' with confidence 0.51
2026-02-10 18:10:25,440 INFO Valid plate candidate: ABC12347
2026-02-10 18:10:26,182 INFO OCR detected: 'NEWYORK' with confidence 0.87
2026-02-10 18:10:26,183 INFO OCR detected: 'IC1234' with confidence 0.33
2026-02-10 18:10:26,184 INFO Valid plate candidate: IC1234
2026-02-10 18:10:27,126 INFO OCR detected: 'NEWYORI' with confidence 0.95
2026-02-10 18:10:27,127 INFO Valid plate candidate: NEWYORI
2026-02-10 18:10:27,127 INFO OCR detected: 'JNBC1234' with confidence 0.16
2026-02-10 18:10:27,934 INFO OCR detected: 'FNEWYORI' with confidence 0.70
2026-02-10 18:10:27,935 INFO Valid plate candidate: FNEWYORI
2026-02-10 18:10:27,936 INFO OCR detected: 'JBC7234' with confidence 0.34
2026-02-10 18:10:27,936 INFO Valid plate candidate: JBC7234
2026-02-10 18:10:28,821 INFO OCR detected: 'NEWYORI' with confidence 0.59
2026-02-10 18:10:28,821 INFO Valid plate candidate: NEWYORI
2026-02-10 18:10:28,822 INFO OCR detected: 'ABCA12341' with confidence 0.29
2026-02-10 18:10:28,823 INFO Valid plate candidate: ABCA12341
2026-02-10 18:10:28,823 INFO OCR detected: '3' with confidence 0.12
2026-02-10 18:10:29,669 INFO OCR detected: 'NEWYORI' with confidence 0.59
2026-02-10 18:10:29,670 INFO Valid plate candidate: NEWYORI
2026-02-10 18:10:29,670 INFO OCR detected: 'ABCA12341' with confidence 0.29
2026-02-10 18:10:29,671 INFO Valid plate candidate: ABCA12341
2026-02-10 18:10:29,671 INFO OCR detected: '3' with confidence 0.12
2026-02-10 18:10:30,492 INFO OCR detected: 'FNEWYORIC' with confidence 0.31
2026-02-10 18:10:30,493 INFO Valid plate candidate: FNEWYORIC
2026-02-10 18:10:30,494 INFO OCR detected: 'UU' with confidence 0.04
2026-02-10 18:10:30,494 INFO OCR detected: 'ABC12341' with confidence 0.71
2026-02-10 18:10:30,495 INFO Valid plate candidate: ABC12341
2026-02-10 18:10:31,079 INFO OCR detected: 'NEWYORK' with confidence 0.92
2026-02-10 18:10:31,079 INFO OCR detected: 'ABC21234' with confidence 0.53
2026-02-10 18:10:31,080 INFO Valid plate candidate: ABC21234
2026-02-10 18:10:31,533 INFO OCR detected: 'ABC12341' with confidence 0.82
2026-02-10 18:10:31,534 INFO Valid plate candidate: ABC12341
2026-02-10 18:10:31,539 INFO License plate finalized: FNEWYORI
2026-02-10 18:10:32,275 INFO OCR detected: 'FNEWYORUC' with confidence 0.45
2026-02-10 18:10:32,275 INFO Valid plate candidate: FNEWYORUC
2026-02-10 18:10:32,276 INFO OCR detected: 'ABCA12347' with confidence 0.37
2026-02-10 18:10:32,276 INFO Valid plate candidate: ABCA12347
2026-02-10 18:10:32,885 INFO OCR detected: 'FNEWYORIC' with confidence 0.16
2026-02-10 18:10:32,886 INFO OCR detected: 'JABC124' with confidence 0.59
2026-02-10 18:10:32,886 INFO Valid plate candidate: JABC124
2026-02-10 18:10:33,479 INFO OCR detected: '2' with confidence 0.85
2026-02-10 18:10:33,480 INFO OCR detected: 'NEWYORU' with confidence 0.70
2026-02-10 18:10:33,480 INFO Valid plate candidate: NEWYORU
2026-02-10 18:10:33,481 INFO OCR detected: 'ABCH12347' with confidence 0.28
2026-02-10 18:10:33,481 INFO Valid plate candidate: ABCH12347
2026-02-10 18:10:34,496 INFO OCR detected: 'FNEW' with confidence 0.75
2026-02-10 18:10:34,496 INFO Valid plate candidate: FNEW
2026-02-10 18:10:34,497 INFO OCR detected: '2' with confidence 0.27
2026-02-10 18:10:34,497 INFO OCR detected: 'ABCI234L' with confidence 0.34
2026-02-10 18:10:34,498 INFO Valid plate candidate: ABCI234L
2026-02-10 18:10:35,156 INFO OCR detected: 'FNEW' with confidence 0.75
2026-02-10 18:10:35,157 INFO Valid plate candidate: FNEW
2026-02-10 18:10:35,157 INFO OCR detected: '2' with confidence 0.27
2026-02-10 18:10:35,158 INFO OCR detected: 'ABCI234L' with confidence 0.34
2026-02-10 18:10:35,158 INFO Valid plate candidate: ABCI234L
2026-02-10 18:10:35,993 INFO OCR detected: 'NEW' with confidence 0.84
2026-02-10 18:10:35,995 INFO Valid plate candidate: NEW
2026-02-10 18:10:35,995 INFO OCR detected: '5' with confidence 0.62
2026-02-10 18:10:35,996 INFO OCR detected: 'NBC12241' with confidence 0.29
2026-02-10 18:10:35,996 INFO Valid plate candidate: NBC12241
2026-02-10 18:10:36,830 INFO OCR detected: 'PNEW' with confidence 0.41
2026-02-10 18:10:36,831 INFO Valid plate candidate: PNEW
2026-02-10 18:10:36,832 INFO OCR detected: 'NBC444' with confidence 0.18
2026-02-10 18:10:37,617 INFO OCR detected: 'NEW' with confidence 1.00
2026-02-10 18:10:37,620 INFO Valid plate candidate: NEW
2026-02-10 18:10:37,621 INFO OCR detected: 'JABC1234' with confidence 0.28
2026-02-10 18:10:37,621 INFO Valid plate candidate: JABC1234
2026-02-10 18:10:38,654 INFO OCR detected: 'NEW' with confidence 1.00
2026-02-10 18:10:38,655 INFO Valid plate candidate: NEW
2026-02-10 18:10:38,656 INFO OCR detected: 'ABCH12841' with confidence 0.13
2026-02-10 18:10:39,367 INFO OCR detected: 'NEW' with confidence 1.00
2026-02-10 18:10:39,368 INFO Valid plate candidate: NEW
2026-02-10 18:10:39,368 INFO OCR detected: 'ABCH12841' with confidence 0.13
2026-02-10 18:10:39,972 INFO OCR detected: 'FNEW' with confidence 0.57
2026-02-10 18:10:39,973 INFO Valid plate candidate: FNEW
2026-02-10 18:10:39,974 INFO OCR detected: 'JABCK12241' with confidence 0.12
2026-02-10 18:10:40,635 INFO OCR detected: 'NEW' with confidence 0.83
2026-02-10 18:10:40,636 INFO Valid plate candidate: NEW
2026-02-10 18:10:40,637 INFO OCR detected: 'JABC1244' with confidence 0.16
2026-02-10 18:10:41,254 INFO OCR detected: '2NEWYORK' with confidence 0.51
2026-02-10 18:10:41,255 INFO Valid plate candidate: 2NEWYORK
2026-02-10 18:10:41,255 INFO OCR detected: 'ABC312341' with confidence 0.18
2026-02-10 18:10:41,256 INFO License plate finalized: NEW
2026-02-10 18:10:41,955 INFO OCR detected: 'AV3IEJYJ' with confidence 0.07
2026-02-10 18:10:41,956 INFO OCR detected: 'Q5H' with confidence 0.10
2026-02-10 18:10:42,296 INFO OCR detected: 'FNEWYORI' with confidence 0.57
2026-02-10 18:10:42,297 INFO Valid plate candidate: FNEWYORI
2026-02-10 18:10:42,544 INFO OCR detected: 'JLJIJ' with confidence 0.13
2026-02-10 18:10:42,737 INFO OCR detected: 'HU' with confidence 0.16
2026-02-10 18:10:42,919 INFO OCR detected: 'S' with confidence 0.10
2026-02-10 18:10:43,748 INFO OCR detected: 'NEWYORK' with confidence 0.99
2026-02-10 18:10:43,749 INFO OCR detected: 'ABCH12344' with confidence 0.27
2026-02-10 18:10:43,750 INFO Valid plate candidate: ABCH12344
2026-02-10 18:10:44,394 INFO OCR detected: 'NEWYORK' with confidence 0.99
2026-02-10 18:10:44,394 INFO OCR detected: 'ABCH12344' with confidence 0.27
2026-02-10 18:10:44,395 INFO Valid plate candidate: ABCH12344
2026-02-10 18:10:45,539 INFO No valid plate in frame; fallback OCR attempted.
2026-02-10 18:10:46,305 INFO No valid plate in frame; fallback OCR attempted.
2026-02-10 18:10:46,798 INFO No valid plate in frame; fallback OCR attempted.
2026-02-10 18:10:46,799 INFO License plate finalized: ABCH12344
2026-02-10 18:10:47,070 INFO OCR detected: 'NEW' with confidence 0.85
2026-02-10 18:10:47,070 INFO Valid plate candidate: NEW
2026-02-10 18:10:47,282 INFO OCR detected: 'HU' with confidence 0.07
2026-02-10 18:10:47,735 INFO OCR detected: 'VVORI' with confidence 0.88
2026-02-10 18:10:47,735 INFO Valid plate candidate: VVORI
2026-02-10 18:10:48,892 INFO OCR detected: 'DONOTASK' with confidence 0.99
2026-02-10 18:10:48,893 INFO Valid plate candidate: DONOTASK
2026-02-10 18:10:49,322 INFO OCR detected: 'RK' with confidence 0.80
2026-02-10 18:10:49,393 INFO OCR detected: 'RK' with confidence 0.80
2026-02-10 18:10:49,992 INFO OCR detected: 'DONOTASK' with confidence 0.64
2026-02-10 18:10:49,992 INFO Valid plate candidate: DONOTASK
2026-02-10 18:10:50,468 INFO OCR detected: 'G2' with confidence 0.14
2026-02-10 18:10:50,852 INFO OCR detected: 'LELSO' with confidence 0.12
2026-02-10 18:10:51,100 INFO OCR detected: 'P4' with confidence 0.12
2026-02-10 18:10:51,170 INFO No valid plate in frame; fallback OCR attempted.
2026-02-10 18:10:51,789 INFO OCR detected: 'DONTASK' with confidence 0.26
2026-02-10 18:10:51,790 INFO Valid plate candidate: DONTASK
2026-02-10 18:10:51,790 INFO OCR detected: '2' with confidence 0.92
2026-02-10 18:10:52,163 INFO OCR detected: 'ONOT5' with confidence 0.44
2026-02-10 18:10:52,163 INFO Valid plate candidate: ONOT5
2026-02-10 18:10:52,336 INFO OCR detected: 'C0' with confidence 0.37
2026-02-10 18:10:52,337 INFO OCR detected: '69J' with confidence 0.40
2026-02-10 18:10:52,337 INFO Valid plate candidate: 69J
2026-02-10 18:10:52,440 INFO OCR detected: 'CELSUOR' with confidence 0.71
2026-02-10 18:10:52,441 INFO Valid plate candidate: CELSUOR
2026-02-10 18:10:53,076 INFO OCR detected: 'DONOTASKL' with confidence 0.51
2026-02-10 18:10:53,077 INFO Valid plate candidate: DONOTASKL
2026-02-10 18:10:53,078 INFO OCR detected: 'J' with confidence 0.99
2026-02-10 18:10:53,339 INFO OCR detected: '0' with confidence 0.96
2026-02-10 18:10:53,340 INFO OCR detected: 'DORCV' with confidence 0.22
2026-02-10 18:10:53,829 INFO License plate finalized: DONOTASK
2026-02-10 18:10:54,376 INFO OCR detected: 'DONOTASKL' with confidence 0.46
2026-02-10 18:10:54,376 INFO Valid plate candidate: DONOTASKL
2026-02-10 18:10:54,376 INFO OCR detected: 'J' with confidence 0.93
2026-02-10 18:10:55,376 INFO OCR detected: 'YORKS' with confidence 0.29
2026-02-10 18:10:55,377 INFO Valid plate candidate: YORKS
2026-02-10 18:10:55,378 INFO OCR detected: '83260' with confidence 0.00
2026-02-10 18:10:56,190 INFO OCR detected: '0' with confidence 0.98
2026-02-10 18:10:56,191 INFO OCR detected: 'DONOTASK' with confidence 0.91
2026-02-10 18:10:56,192 INFO Valid plate candidate: DONOTASK
2026-02-10 18:10:56,192 INFO OCR detected: 'G2I' with confidence 0.21
2026-02-10 18:10:56,469 INFO OCR detected: 'EXCELSI' with confidence 0.27
2026-02-10 18:10:56,470 INFO Valid plate candidate: EXCELSI
2026-02-10 18:10:56,584 INFO OCR detected: '2' with confidence 0.97
2026-02-10 18:10:56,694 INFO OCR detected: 'EXCELSIE' with confidence 0.77
2026-02-10 18:10:56,695 INFO Valid plate candidate: EXCELSIE
2026-02-10 18:10:57,295 INFO OCR detected: 'DONOTASK' with confidence 0.85
2026-02-10 18:10:57,296 INFO Valid plate candidate: DONOTASK
2026-02-10 18:10:57,296 INFO OCR detected: 'ML' with confidence 0.07
2026-02-10 18:10:57,728 INFO OCR detected: 'DONOTASKL' with confidence 0.42
2026-02-10 18:10:57,728 INFO Valid plate candidate: DONOTASKL
2026-02-10 18:10:58,627 INFO No valid plate in frame; fallback OCR attempted.
2026-02-10 18:10:59,126 INFO No valid plate in frame; fallback OCR attempted.
2026-02-10 18:10:59,135 INFO License plate finalized: DONOTASKL
2026-02-10 18:10:59,726 INFO OCR detected: 'N' with confidence 1.00
2026-02-10 18:10:59,787 INFO No valid plate in frame; fallback OCR attempted.
2026-02-10 18:11:00,238 INFO OCR detected: 'MCHIGAN' with confidence 0.29
2026-02-10 18:11:00,238 INFO Valid plate candidate: MCHIGAN
2026-02-10 18:11:00,239 INFO OCR detected: '4' with confidence 0.45
2026-02-10 18:11:00,477 INFO OCR detected: 'GAN' with confidence 0.55
2026-02-10 18:11:00,478 INFO Valid plate candidate: GAN
2026-02-10 18:11:00,570 INFO OCR detected: 'CHC' with confidence 0.86
2026-02-10 18:11:00,571 INFO Valid plate candidate: CHC
2026-02-10 18:11:00,658 INFO OCR detected: 'CH' with confidence 0.77
2026-02-10 18:11:01,042 INFO OCR detected: 'MICHIGAN' with confidence 0.98
2026-02-10 18:11:01,043 INFO OCR detected: 'FAPRI' with confidence 0.09
2026-02-10 18:11:01,630 INFO OCR detected: 'M' with confidence 1.00
2026-02-10 18:11:01,631 INFO No valid plate in frame; fallback OCR attempted.
2026-02-10 18:11:02,072 INFO OCR detected: 'MICHIGAN' with confidence 0.93
2026-02-10 18:11:02,072 INFO OCR detected: 'APR' with confidence 0.44
2026-02-10 18:11:02,073 INFO Valid plate candidate: APR
2026-02-10 18:11:02,636 INFO OCR detected: 'M' with confidence 0.99
2026-02-10 18:11:02,956 INFO OCR detected: 'MICHIGANE' with confidence 0.49
2026-02-10 18:11:02,957 INFO Valid plate candidate: MICHIGANE
2026-02-10 18:11:02,957 INFO OCR detected: 'PR' with confidence 1.00
2026-02-10 18:11:03,273 INFO OCR detected: 'M' with confidence 0.92
2026-02-10 18:11:03,928 INFO OCR detected: 'AN' with confidence 1.00
2026-02-10 18:11:03,992 INFO No valid plate in frame; fallback OCR attempted.
2026-02-10 18:11:04,379 INFO OCR detected: 'MICHIGANS' with confidence 0.53
2026-02-10 18:11:04,379 INFO Valid plate candidate: MICHIGANS
2026-02-10 18:11:04,379 INFO OCR detected: 'APR' with confidence 0.50
2026-02-10 18:11:04,379 INFO Valid plate candidate: APR
2026-02-10 18:11:04,380 INFO OCR detected: 'AOO' with confidence 0.29
2026-02-10 18:11:04,380 INFO Valid plate candidate: AOO
2026-02-10 18:11:05,253 INFO OCR detected: 'MICHIGANE' with confidence 0.83
2026-02-10 18:11:05,254 INFO Valid plate candidate: MICHIGANE
2026-02-10 18:11:05,254 INFO OCR detected: 'FRAPRI' with confidence 0.05
2026-02-10 18:11:05,757 INFO License plate finalized: APR
2026-02-10 18:11:06,071 INFO OCR detected: 'MCHIGAN' with confidence 1.00
2026-02-10 18:11:06,071 INFO Valid plate candidate: MCHIGAN
2026-02-10 18:11:06,072 INFO OCR detected: 'RPA' with confidence 0.09
2026-02-10 18:11:06,327 INFO OCR detected: 'AN' with confidence 1.00
2026-02-10 18:11:06,676 INFO OCR detected: 'MICHIGAN' with confidence 1.00
2026-02-10 18:11:06,676 INFO OCR detected: 'FAPR' with confidence 0.50
2026-02-10 18:11:06,677 INFO Valid plate candidate: FAPR
2026-02-10 18:11:06,892 INFO OCR detected: 'MICHIGAN' with confidence 1.00
2026-02-10 18:11:06,893 INFO OCR detected: 'FAPR' with confidence 0.50
2026-02-10 18:11:06,893 INFO Valid plate candidate: FAPR
2026-02-10 18:11:07,203 INFO OCR detected: 'A' with confidence 1.00
2026-02-10 18:11:07,583 INFO OCR detected: 'MICHIGAN' with confidence 0.93
2026-02-10 18:11:07,584 INFO OCR detected: 'QPA' with confidence 0.19
2026-02-10 18:11:07,584 INFO OCR detected: '36' with confidence 0.11
2026-02-10 18:11:07,807 INFO OCR detected: 'MICHIGAN' with confidence 0.61
2026-02-10 18:11:07,808 INFO OCR detected: 'APA' with confidence 0.46
2026-02-10 18:11:07,808 INFO Valid plate candidate: APA
2026-02-10 18:11:08,398 INFO OCR detected: 'MICHIGAN' with confidence 0.69
2026-02-10 18:11:08,399 INFO OCR detected: 'PA' with confidence 0.75
2026-02-10 18:11:08,611 INFO OCR detected: 'MICHIGAN' with confidence 0.69
2026-02-10 18:11:08,612 INFO OCR detected: 'PA' with confidence 0.75
2026-02-10 18:11:08,957 INFO No valid plate in frame; fallback OCR attempted.
2026-02-10 18:11:09,407 INFO OCR detected: 'MICHIGAN' with confidence 1.00
2026-02-10 18:11:09,408 INFO OCR detected: 'AR' with confidence 0.64
2026-02-10 18:11:09,408 INFO OCR detected: 'TC7COI' with confidence 0.23
2026-02-10 18:11:09,750 INFO OCR detected: 'MI' with confidence 0.97
2026-02-10 18:11:09,811 INFO No valid plate in frame; fallback OCR attempted.
2026-02-10 18:11:10,239 INFO OCR detected: 'MICHIGAN' with confidence 0.99
2026-02-10 18:11:10,240 INFO OCR detected: 'APA' with confidence 0.47
2026-02-10 18:11:10,240 INFO Valid plate candidate: APA
2026-02-10 18:11:10,240 INFO OCR detected: 'PO' with confidence 0.22
2026-02-10 18:11:10,974 INFO OCR detected: 'MICHIGAN' with confidence 0.64
2026-02-10 18:11:10,974 INFO OCR detected: 'APRT' with confidence 0.13
2026-02-10 18:11:10,975 INFO OCR detected: 'TQ' with confidence 0.12
2026-02-10 18:11:11,163 INFO OCR detected: 'M' with confidence 0.96
2026-02-10 18:11:11,163 INFO No valid plate in frame; fallback OCR attempted.
2026-02-10 18:11:11,713 INFO OCR detected: 'MICHIGAN' with confidence 0.99
2026-02-10 18:11:11,714 INFO OCR detected: 'APA' with confidence 0.55
2026-02-10 18:11:11,714 INFO Valid plate candidate: APA
2026-02-10 18:11:11,714 INFO OCR detected: 'KOOOM7CO' with confidence 0.01
2026-02-10 18:11:11,922 INFO License plate finalized: APA
2026-02-10 18:11:12,399 INFO OCR detected: 'MICHIGAN' with confidence 0.99
2026-02-10 18:11:12,399 INFO OCR detected: 'APR' with confidence 0.91
2026-02-10 18:11:12,400 INFO Valid plate candidate: APR
2026-02-10 18:11:12,400 INFO OCR detected: 'CGT' with confidence 0.11
2026-02-10 18:11:12,400 INFO OCR detected: '0' with confidence 0.87
2026-02-10 18:11:12,400 INFO OCR detected: 'C1' with confidence 0.45
2026-02-10 18:11:13,077 INFO OCR detected: 'MICHIGAN' with confidence 0.76
2026-02-10 18:11:13,077 INFO OCR detected: 'AP0E' with confidence 0.05
2026-02-10 18:11:13,391 INFO OCR detected: 'MM' with confidence 0.38
2026-02-10 18:11:13,446 INFO No valid plate in frame; fallback OCR attempted.
2026-02-10 18:11:13,779 INFO OCR detected: 'JA' with confidence 0.29
2026-02-10 18:11:13,841 INFO No valid plate in frame; fallback OCR attempted.
2026-02-10 18:11:14,349 INFO OCR detected: 'E' with confidence 0.78
2026-02-10 18:11:14,458 INFO No valid plate in frame; fallback OCR attempted.
2026-02-10 18:11:15,062 INFO OCR detected: 'MICHIGAN' with confidence 0.99
2026-02-10 18:11:15,063 INFO OCR detected: 'APRL' with confidence 0.33
2026-02-10 18:11:15,063 INFO Valid plate candidate: APRL
2026-02-10 18:11:15,063 INFO OCR detected: 'KOOO' with confidence 0.06
2026-02-10 18:11:15,398 INFO OCR detected: '2' with confidence 0.73
2026-02-10 18:11:16,589 INFO OCR detected: 'M' with confidence 0.67
2026-02-10 18:11:16,999 INFO No valid plate in frame; fallback OCR attempted.
2026-02-10 18:11:17,899 INFO OCR detected: 'MICHIGAN' with confidence 0.87
2026-02-10 18:11:17,899 INFO OCR detected: 'APR' with confidence 0.33
2026-02-10 18:11:17,900 INFO Valid plate candidate: APR
2026-02-10 18:11:17,900 INFO OCR detected: 'CCQ' with confidence 0.70
2026-02-10 18:11:17,900 INFO Valid plate candidate: CCQ
2026-02-10 18:11:17,901 INFO OCR detected: 'MLOA045' with confidence 0.02
2026-02-10 18:11:17,901 INFO OCR detected: '07607' with confidence 0.52
2026-02-10 18:11:17,901 INFO Valid plate candidate: 07607
2026-02-10 18:11:18,174 INFO OCR detected: 'I' with confidence 0.26
2026-02-10 18:11:18,349 INFO OCR detected: 'B' with confidence 0.77
2026-02-10 18:11:18,351 INFO License plate finalized: APR
2026-02-10 18:11:18,840 INFO OCR detected: 'VTTMNTTT' with confidence 0.05
2026-02-10 18:11:19,227 INFO OCR detected: 'LI' with confidence 0.07
2026-02-10 18:11:19,482 INFO OCR detected: 'HJ' with confidence 0.59
2026-02-10 18:11:19,550 INFO No valid plate in frame; fallback OCR attempted.
2026-02-10 18:11:20,063 INFO OCR detected: 'ULWVLULU' with confidence 0.06
2026-02-10 18:11:20,467 INFO OCR detected: 'JAAO' with confidence 0.03
2026-02-10 18:11:20,467 INFO OCR detected: 'GRADCAHYONSTATE' with confidence 0.39
2026-02-10 18:11:20,740 INFO OCR detected: '3471ZONQ51' with confidence 0.08
2026-02-10 18:11:20,817 INFO OCR detected: 'ARIZ' with confidence 0.83
2026-02-10 18:11:20,818 INFO Valid plate candidate: ARIZ
2026-02-10 18:11:20,893 INFO OCR detected: 'ONA' with confidence 0.99
2026-02-10 18:11:20,894 INFO Valid plate candidate: ONA
2026-02-10 18:11:21,305 INFO OCR detected: '0' with confidence 0.95
2026-02-10 18:11:21,306 INFO OCR detected: 'AQIZONA0' with confidence 0.13
2026-02-10 18:11:21,307 INFO OCR detected: 'OM' with confidence 0.78
2026-02-10 18:11:21,307 INFO OCR detected: '18020' with confidence 0.31
2026-02-10 18:11:21,307 INFO Valid plate candidate: 18020
2026-02-10 18:11:21,639 INFO OCR detected: 'JAHU' with confidence 0.03
2026-02-10 18:11:21,639 INFO OCR detected: 'GRAHDCANYOHSTATE' with confidence 0.45
2026-02-10 18:11:21,983 INFO OCR detected: 'JL4YO' with confidence 0.05
2026-02-10 18:11:23,090 INFO OCR detected: '3' with confidence 0.01
2026-02-10 18:11:23,091 INFO OCR detected: 'F4SUSOS' with confidence 0.00
2026-02-10 18:11:23,489 INFO OCR detected: 'AAIZ' with confidence 0.47
2026-02-10 18:11:23,490 INFO Valid plate candidate: AAIZ
2026-02-10 18:11:23,608 INFO OCR detected: '3UEZM' with confidence 0.10
2026-02-10 18:11:24,037 INFO OCR detected: 'CW42U28' with confidence 0.11
2026-02-10 18:11:24,354 INFO OCR detected: '0' with confidence 0.99
2026-02-10 18:11:24,355 INFO OCR detected: 'AFZONA0I91' with confidence 0.14
2026-02-10 18:11:24,355 INFO OCR detected: 'OM' with confidence 0.63
2026-02-10 18:11:24,695 INFO OCR detected: 'JSAXOU' with confidence 0.03
2026-02-10 18:11:24,695 INFO OCR detected: 'JGRAXDCAXYONSTATE' with confidence 0.20
2026-02-10 18:11:25,026 INFO No valid plate in frame; fallback OCR attempted.
2026-02-10 18:11:25,347 INFO OCR detected: 'USLI' with confidence 0.02
2026-02-10 18:11:25,347 INFO OCR detected: 'GRAXDKANYONSTATE' with confidence 0.27
2026-02-10 18:11:25,786 INFO OCR detected: '3DZONA' with confidence 0.41
2026-02-10 18:11:25,786 INFO Valid plate candidate: 3DZONA
2026-02-10 18:11:25,889 INFO Vote window ended without consensus. hits=1 cooldown=False
2026-02-10 18:11:26,255 INFO OCR detected: '' with confidence 0.00
2026-02-10 18:11:26,256 INFO OCR detected: 'GRAHDCAVCNSTATE5' with confidence 0.19
2026-02-10 18:11:26,542 INFO OCR detected: 'JONAUU' with confidence 0.01
2026-02-10 18:11:26,987 INFO OCR detected: 'AFZ' with confidence 0.60
2026-02-10 18:11:26,988 INFO Valid plate candidate: AFZ
2026-02-10 18:11:27,422 INFO OCR detected: 'JLVL454' with confidence 0.17
2026-02-10 18:11:27,827 INFO OCR detected: 'UOUI' with confidence 0.03
2026-02-10 18:11:27,828 INFO OCR detected: 'GRAYDCAYONSTATE' with confidence 0.64
2026-02-10 18:11:27,976 INFO OCR detected: 'NA' with confidence 0.90
2026-02-10 18:11:28,045 INFO No valid plate in frame; fallback OCR attempted.
2026-02-10 18:11:28,523 INFO OCR detected: 'AHIZONA' with confidence 0.24
2026-02-10 18:11:28,524 INFO OCR detected: '099' with confidence 0.12
2026-02-10 18:11:28,812 INFO OCR detected: '5' with confidence 0.23
2026-02-10 18:11:28,813 INFO OCR detected: 'GRAXDUNUNSL' with confidence 0.12
2026-02-10 18:11:29,074 INFO OCR detected: 'RIZ' with confidence 0.81
2026-02-10 18:11:29,074 INFO Valid plate candidate: RIZ
2026-02-10 18:11:29,169 INFO OCR detected: '50Z20' with confidence 0.11
2026-02-10 18:11:29,801 INFO OCR detected: 'D' with confidence 0.32
2026-02-10 18:11:29,802 INFO OCR detected: 'RIZONA' with confidence 0.64
2026-02-10 18:11:29,802 INFO Valid plate candidate: RIZONA
2026-02-10 18:11:29,802 INFO OCR detected: '0' with confidence 0.84
2026-02-10 18:11:29,803 INFO OCR detected: 'ICHQ2O287' with confidence 0.26
2026-02-10 18:11:29,803 INFO Valid plate candidate: ICHQ2O287
2026-02-10 18:11:30,192 INFO OCR detected: 'ACDO' with confidence 0.01
2026-02-10 18:11:30,486 INFO OCR detected: 'TS' with confidence 0.12
2026-02-10 18:11:30,486 INFO OCR detected: 'JGRADCAHDOMSTATF' with confidence 0.14
2026-02-10 18:11:30,790 INFO OCR detected: 'JONL' with confidence 0.01
2026-02-10 18:11:31,426 INFO OCR detected: 'JLVL4LY' with confidence 0.07
2026-02-10 18:11:31,713 INFO OCR detected: 'PUND' with confidence 0.00
2026-02-10 18:11:31,897 INFO OCR detected: 'ARIZ' with confidence 0.49
2026-02-10 18:11:31,897 INFO Valid plate candidate: ARIZ
2026-02-10 18:11:31,968 INFO Vote window ended without consensus. hits=1 cooldown=False
2026-02-10 18:11:32,380 INFO OCR detected: 'TAA' with confidence 0.05
2026-02-10 18:11:32,381 INFO OCR detected: 'GRAHDCAHYOMIS1AE' with confidence 0.21
2026-02-10 18:11:32,739 INFO OCR detected: 'ARIZGNA' with confidence 0.65
2026-02-10 18:11:32,739 INFO Valid plate candidate: ARIZGNA
2026-02-10 18:11:32,740 INFO OCR detected: 'M9B' with confidence 0.04
2026-02-10 18:11:32,740 INFO OCR detected: 'ON' with confidence 0.09
2026-02-10 18:11:32,929 INFO OCR detected: 'GRADCAHYOMIS1AE' with confidence 0.25
2026-02-10 18:11:33,680 INFO OCR detected: 'ADIZONAQ' with confidence 0.51
2026-02-10 18:11:33,681 INFO Valid plate candidate: ADIZONAQ
2026-02-10 18:11:33,681 INFO OCR detected: 'ICMI2O281' with confidence 0.46
2026-02-10 18:11:33,682 INFO Valid plate candidate: ICMI2O281
2026-02-10 18:11:33,975 INFO OCR detected: 'TA' with confidence 0.14
2026-02-10 18:11:33,976 INFO OCR detected: 'GRAHDCANYONSTATE' with confidence 0.68
2026-02-10 18:11:34,359 INFO OCR detected: 'JAUR' with confidence 0.03
2026-02-10 18:11:34,359 INFO OCR detected: 'GRAHDCAYONSTATE' with confidence 0.73
2026-02-10 18:11:35,147 INFO OCR detected: 'JLWVU50' with confidence 0.08
2026-02-10 18:11:35,454 INFO OCR detected: 'JUNUYUU' with confidence 0.04
2026-02-10 18:11:35,594 INFO OCR detected: '2O1' with confidence 0.39
2026-02-10 18:11:35,595 INFO Valid plate candidate: 2O1
2026-02-10 18:11:36,081 INFO OCR detected: 'USSLMG2YDGHYDKSUKTE' with confidence 0.00
2026-02-10 18:11:36,426 INFO OCR detected: 'UGC4JUA' with confidence 0.00
2026-02-10 18:11:36,663 INFO No valid plate in frame; fallback OCR attempted.
2026-02-10 18:11:36,982 INFO OCR detected: 'GRADCAXONSTATE' with confidence 0.64
2026-02-10 18:11:36,983 INFO OCR detected: 'I' with confidence 0.19
2026-02-10 18:11:37,279 INFO OCR detected: 'FUNUDUUM' with confidence 0.00
2026-02-10 18:11:37,445 INFO OCR detected: 'SNA' with confidence 0.42
2026-02-10 18:11:37,446 INFO Valid plate candidate: SNA
2026-02-10 18:11:37,525 INFO OCR detected: 'AKR0' with confidence 0.18
2026-02-10 18:11:37,837 INFO OCR detected: 'JSLU' with confidence 0.02
2026-02-10 18:11:37,838 INFO OCR detected: 'GRA4DGANYONSTATE' with confidence 0.18
2026-02-10 18:11:38,306 INFO OCR detected: '0' with confidence 0.57
2026-02-10 18:11:38,307 INFO OCR detected: 'ADIZONA' with confidence 0.57
2026-02-10 18:11:38,307 INFO Valid plate candidate: ADIZONA
2026-02-10 18:11:38,308 INFO OCR detected: '692' with confidence 0.40
2026-02-10 18:11:38,308 INFO Valid plate candidate: 692
2026-02-10 18:11:38,308 INFO OCR detected: 'ON' with confidence 0.05
2026-02-10 18:11:38,512 INFO OCR detected: 'ARIZ' with confidence 0.41
2026-02-10 18:11:38,513 INFO Valid plate candidate: ARIZ
2026-02-10 18:11:38,576 INFO Vote window ended without consensus. hits=1 cooldown=False
2026-02-10 18:11:38,951 INFO OCR detected: 'CMU48' with confidence 0.27
2026-02-10 18:11:38,952 INFO Valid plate candidate: CMU48
2026-02-10 18:11:39,476 INFO OCR detected: 'ARIZONA0' with confidence 0.41
2026-02-10 18:11:39,476 INFO Valid plate candidate: ARIZONA0
2026-02-10 18:11:39,477 INFO OCR detected: '8' with confidence 0.98
2026-02-10 18:11:39,477 INFO OCR detected: 'ICMI20281' with confidence 0.36
2026-02-10 18:11:39,478 INFO Valid plate candidate: ICMI20281
2026-02-10 18:11:39,822 INFO OCR detected: 'US' with confidence 0.01
2026-02-10 18:11:40,348 INFO OCR detected: 'OLYAUAJ' with confidence 0.03
2026-02-10 18:11:40,593 INFO OCR detected: 'OUJ' with confidence 0.18
2026-02-10 18:11:41,090 INFO No valid plate in frame; fallback OCR attempted.
2026-02-10 18:11:41,534 INFO OCR detected: 'IL8U5454' with confidence 0.05
2026-02-10 18:11:41,924 INFO OCR detected: 'QU4' with confidence 0.08
2026-02-10 18:11:42,481 INFO OCR detected: 'GNA' with confidence 0.87
2026-02-10 18:11:42,481 INFO Valid plate candidate: GNA
2026-02-10 18:11:42,977 INFO OCR detected: 'USIGG4OMYOKSTIATE' with confidence 0.01
2026-02-10 18:11:43,259 INFO OCR detected: 'ARZONA' with confidence 0.81
2026-02-10 18:11:43,259 INFO Valid plate candidate: ARZONA
2026-02-10 18:11:43,259 INFO OCR detected: '9' with confidence 1.00
2026-02-10 18:11:43,530 INFO OCR detected: 'A' with confidence 0.17
2026-02-10 18:11:44,302 INFO OCR detected: 'IYWSARPTGH' with confidence 0.00
2026-02-10 18:11:44,664 INFO OCR detected: 'IOUUUG4PKAMTSAT' with confidence 0.01
2026-02-10 18:11:45,022 INFO No valid plate in frame; fallback OCR attempted.
2026-02-10 18:11:45,023 INFO Vote window ended without consensus. hits=1 cooldown=False
2026-02-10 18:11:45,473 INFO OCR detected: '2' with confidence 0.25
2026-02-10 18:11:45,474 INFO OCR detected: 'ITM120281' with confidence 0.14
2026-02-10 18:11:45,822 INFO OCR detected: 'TOUUGPQONSATE' with confidence 0.03
2026-02-10 18:11:46,465 INFO No valid plate in frame; fallback OCR attempted.
2026-02-12 10:43:01,324 WARNING YOLO model not found at c:\Users\asmit\FindMySpot\ai-service\models\best.pt
2026-02-12 10:43:01,327 WARNING Using CPU. Note: This module is much faster with a GPU.
2026-02-12 10:43:07,214 INFO No valid plate in frame; fallback OCR attempted.
2026-02-12 10:43:10,458 INFO No valid plate in frame; fallback OCR attempted.
2026-02-12 10:43:12,720 INFO No valid plate in frame; fallback OCR attempted.
2026-02-12 10:43:14,338 INFO No valid plate in frame; fallback OCR attempted.
2026-02-12 10:43:16,016 INFO No valid plate in frame; fallback OCR attempted.
2026-02-12 10:43:17,574 INFO No valid plate in frame; fallback OCR attempted.
2026-02-12 10:43:19,723 INFO No valid plate in frame; fallback OCR attempted.
2026-02-12 10:43:22,041 INFO No valid plate in frame; fallback OCR attempted.
2026-02-12 10:43:24,103 INFO No valid plate in frame; fallback OCR attempted.
2026-02-12 10:43:25,762 INFO No valid plate in frame; fallback OCR attempted.
2026-02-12 10:43:27,793 INFO OCR detected: '77A' with confidence 0.04
2026-02-12 10:43:27,983 INFO OCR detected: 'EEES' with confidence 0.13
2026-02-12 10:43:27,984 INFO No valid plate in frame; fallback OCR attempted.
2026-02-12 10:43:29,443 INFO No valid plate in frame; fallback OCR attempted.
2026-02-12 10:43:31,204 INFO No valid plate in frame; fallback OCR attempted.
2026-02-12 10:43:32,445 INFO No valid plate in frame; fallback OCR attempted.
2026-02-12 10:43:34,303 INFO No valid plate in frame; fallback OCR attempted.
2026-02-12 10:43:36,350 INFO No valid plate in frame; fallback OCR attempted.
2026-02-12 10:43:40,703 INFO No valid plate in frame; fallback OCR attempted.
2026-02-12 10:43:43,745 INFO No valid plate in frame; fallback OCR attempted.
2026-02-12 10:43:47,966 INFO No valid plate in frame; fallback OCR attempted.
2026-02-12 10:43:50,202 INFO No valid plate in frame; fallback OCR attempted.
2026-02-12 10:43:52,719 INFO No valid plate in frame; fallback OCR attempted.
2026-02-12 10:43:54,132 INFO No valid plate in frame; fallback OCR attempted.
2026-02-12 10:43:54,786 INFO No valid plate in frame; fallback OCR attempted.
2026-02-12 10:43:55,385 INFO OCR detected: 'NEWYORK' with confidence 1.00
2026-02-12 10:43:55,385 INFO OCR detected: 'BC1241' with confidence 0.52
2026-02-12 10:43:55,386 INFO Valid plate candidate: BC1241
2026-02-12 10:43:55,928 INFO OCR detected: 'F' with confidence 0.67
2026-02-12 10:43:55,929 INFO OCR detected: 'NEWYORK' with confidence 0.74
2026-02-12 10:43:55,929 INFO OCR detected: 'BCA12341' with confidence 0.46
2026-02-12 10:43:55,929 INFO Valid plate candidate: BCA12341
2026-02-12 10:43:56,071 INFO OCR detected: 'XCELSUO' with confidence 0.35
2026-02-12 10:43:56,071 INFO Valid plate candidate: XCELSUO
2026-02-12 10:43:57,055 INFO OCR detected: 'S' with confidence 0.14
2026-02-12 10:43:57,055 INFO OCR detected: 'NEWYORK' with confidence 0.94
2026-02-12 10:43:57,056 INFO OCR detected: 'FABCA12341' with confidence 0.22
2026-02-12 10:43:57,670 INFO OCR detected: 'S' with confidence 0.47
2026-02-12 10:43:57,670 INFO OCR detected: 'NEWYORI' with confidence 0.86
2026-02-12 10:43:57,671 INFO Valid plate candidate: NEWYORI
2026-02-12 10:43:57,671 INFO OCR detected: 'TABC1234' with confidence 0.30
2026-02-12 10:43:57,671 INFO Valid plate candidate: TABC1234
2026-02-12 10:43:57,848 INFO OCR detected: 'IFAGAM' with confidence 0.19
2026-02-12 10:43:57,848 INFO OCR detected: 'T6Y' with confidence 0.15
2026-02-12 10:43:58,032 INFO OCR detected: 'LSIOR' with confidence 0.98
2026-02-12 10:43:58,033 INFO Valid plate candidate: LSIOR
2026-02-12 10:43:58,669 INFO OCR detected: '3' with confidence 0.29
2026-02-12 10:43:58,670 INFO OCR detected: 'NEW' with confidence 1.00
2026-02-12 10:43:58,671 INFO Valid plate candidate: NEW
2026-02-12 10:43:58,671 INFO OCR detected: 'ABGA77341' with confidence 0.26
2026-02-12 10:43:58,672 INFO Valid plate candidate: ABGA77341
2026-02-12 10:43:59,218 INFO No valid plate in frame; fallback OCR attempted.
2026-02-12 10:43:59,696 INFO OCR detected: '1O3' with confidence 0.16
2026-02-12 10:43:59,983 INFO No valid plate in frame; fallback OCR attempted.
2026-02-12 10:44:00,004 INFO Vote window ended without consensus. hits=1 cooldown=False
2026-02-12 10:44:00,433 INFO OCR detected: 'REIZ' with confidence 0.04
2026-02-12 10:44:00,527 INFO OCR detected: 'M' with confidence 0.26
2026-02-12 10:44:00,691 INFO OCR detected: 'NNIE' with confidence 0.84
2026-02-12 10:44:00,692 INFO Valid plate candidate: NNIE
2026-02-12 10:44:00,962 INFO OCR detected: 'CRI' with confidence 0.31
2026-02-12 10:44:00,962 INFO Valid plate candidate: CRI
2026-02-12 10:44:01,048 INFO OCR detected: 'DI' with confidence 0.33
2026-02-12 10:44:01,563 INFO OCR detected: 'ICLL' with confidence 0.28
2026-02-12 10:44:01,563 INFO Valid plate candidate: ICLL
2026-02-12 10:44:01,754 INFO OCR detected: '2' with confidence 0.07
2026-02-12 10:44:02,506 INFO No valid plate in frame; fallback OCR attempted.
2026-02-12 10:44:03,095 INFO OCR detected: 'NEWYORK' with confidence 0.99
2026-02-12 10:44:03,095 INFO OCR detected: 'ARC412307' with confidence 0.21
2026-02-12 10:44:03,417 INFO OCR detected: 'INEOOYKE' with confidence 0.02
2026-02-12 10:44:03,862 INFO OCR detected: 'EXCELSI' with confidence 0.92
2026-02-12 10:44:03,862 INFO Valid plate candidate: EXCELSI
2026-02-12 10:44:04,482 INFO OCR detected: 'NEWYORK' with confidence 1.00
2026-02-12 10:44:04,483 INFO OCR detected: 'ABC212341' with confidence 0.32
2026-02-12 10:44:04,484 INFO Valid plate candidate: ABC212341
2026-02-12 10:44:05,048 INFO OCR detected: 'NEW' with confidence 1.00
2026-02-12 10:44:05,048 INFO Valid plate candidate: NEW
2026-02-12 10:44:05,049 INFO OCR detected: 'ABCA1234' with confidence 0.31
2026-02-12 10:44:05,049 INFO Valid plate candidate: ABCA1234
2026-02-12 10:44:05,167 INFO OCR detected: 'ERCFELSO' with confidence 0.24
2026-02-12 10:44:05,936 INFO OCR detected: 'FNEW' with confidence 0.44
2026-02-12 10:44:05,936 INFO Valid plate candidate: FNEW
2026-02-12 10:44:05,937 INFO OCR detected: 'ABC1224' with confidence 0.62
2026-02-12 10:44:05,937 INFO Valid plate candidate: ABC1224
2026-02-12 10:44:06,570 INFO OCR detected: 'FNEW' with confidence 0.44
2026-02-12 10:44:06,571 INFO Valid plate candidate: FNEW
2026-02-12 10:44:06,571 INFO OCR detected: 'ABC1224' with confidence 0.62
2026-02-12 10:44:06,571 INFO Valid plate candidate: ABC1224
2026-02-12 10:44:06,654 INFO OCR detected: 'EXCE' with confidence 0.55
2026-02-12 10:44:06,654 INFO Valid plate candidate: EXCE
2026-02-12 10:44:06,783 INFO OCR detected: 'NIE' with confidence 0.90
2026-02-12 10:44:06,783 INFO Valid plate candidate: NIE
2026-02-12 10:44:06,784 INFO License plate finalized: FNEW
2026-02-12 10:44:07,422 INFO OCR detected: 'ES' with confidence 0.16
2026-02-12 10:44:07,423 INFO OCR detected: 'NEWYORK' with confidence 1.00
2026-02-12 10:44:07,424 INFO OCR detected: 'ABC72347' with confidence 0.23
2026-02-12 10:44:07,853 INFO OCR detected: 'ABCA12341' with confidence 0.40
2026-02-12 10:44:07,854 INFO Valid plate candidate: ABCA12341
2026-02-12 10:44:08,073 INFO OCR detected: 'CLSI' with confidence 0.47
2026-02-12 10:44:08,073 INFO Valid plate candidate: CLSI
2026-02-12 10:44:08,461 INFO OCR detected: 'HOR' with confidence 0.37
2026-02-12 10:44:08,462 INFO Valid plate candidate: HOR
2026-02-12 10:44:08,523 INFO OCR detected: 'NE' with confidence 1.00
2026-02-12 10:44:09,292 INFO OCR detected: '5' with confidence 0.35
2026-02-12 10:44:09,293 INFO OCR detected: 'NEWYORK' with confidence 0.82
2026-02-12 10:44:09,295 INFO OCR detected: 'ABC1234' with confidence 0.87
2026-02-12 10:44:09,295 INFO Valid plate candidate: ABC1234
2026-02-12 10:44:09,417 INFO OCR detected: 'EXCELSOR' with confidence 0.40
2026-02-12 10:44:09,418 INFO Valid plate candidate: EXCELSOR
2026-02-12 10:44:09,573 INFO OCR detected: 'CE' with confidence 0.46
2026-02-12 10:44:09,656 INFO OCR detected: 'W' with confidence 0.08
2026-02-12 10:44:10,284 INFO OCR detected: 'NEWYORK' with confidence 0.99
2026-02-12 10:44:10,284 INFO OCR detected: 'ABCH7234' with confidence 0.24
2026-02-12 10:44:10,583 INFO OCR detected: 'M' with confidence 0.02
2026-02-12 10:44:10,670 INFO OCR detected: 'ER' with confidence 0.12
2026-02-12 10:44:10,670 INFO No valid plate in frame; fallback OCR attempted.
2026-02-12 10:44:11,257 INFO OCR detected: 'NEWYORK' with confidence 0.92
2026-02-12 10:44:11,257 INFO OCR detected: 'TABCA12341' with confidence 0.35
2026-02-12 10:44:11,258 INFO Valid plate candidate: TABCA12341
2026-02-12 10:44:11,428 INFO OCR detected: 'SU' with confidence 0.16
2026-02-12 10:44:11,429 INFO OCR detected: 'JO' with confidence 0.59
2026-02-12 10:44:11,559 INFO OCR detected: 'J' with confidence 0.35
2026-02-12 10:44:11,640 INFO OCR detected: 'SOR' with confidence 0.50
2026-02-12 10:44:11,640 INFO Valid plate candidate: SOR
2026-02-12 10:44:12,225 INFO OCR detected: 'NEWYORK' with confidence 1.00
2026-02-12 10:44:12,225 INFO OCR detected: 'ADGA1234' with confidence 0.21
2026-02-12 10:44:12,414 INFO OCR detected: '43L' with confidence 0.18
2026-02-12 10:44:12,578 INFO OCR detected: '' with confidence 0.00
2026-02-12 10:44:12,766 INFO OCR detected: 'L' with confidence 0.22
2026-02-12 10:44:12,767 INFO No valid plate in frame; fallback OCR attempted.
2026-02-12 10:44:13,186 INFO OCR detected: 'S3' with confidence 0.08
2026-02-12 10:44:13,186 INFO OCR detected: 'NEWYORK' with confidence 0.84
2026-02-12 10:44:13,186 INFO OCR detected: 'RGA1234' with confidence 0.39
2026-02-12 10:44:13,186 INFO Valid plate candidate: RGA1234
2026-02-12 10:44:13,369 INFO OCR detected: 'HICAOLZ' with confidence 0.07
2026-02-12 10:44:13,602 INFO OCR detected: 'ELA' with confidence 0.04
2026-02-12 10:44:13,684 INFO OCR detected: 'LJIOR' with confidence 0.58
2026-02-12 10:44:13,685 INFO Valid plate candidate: LJIOR
2026-02-12 10:44:13,747 INFO Vote window ended without consensus. hits=1 cooldown=False
2026-02-12 10:44:14,359 INFO OCR detected: 'FNEWYORI' with confidence 0.47
2026-02-12 10:44:14,359 INFO Valid plate candidate: FNEWYORI
2026-02-12 10:44:14,360 INFO OCR detected: 'ABCH1234' with confidence 0.37
2026-02-12 10:44:14,360 INFO Valid plate candidate: ABCH1234
2026-02-12 10:44:14,863 INFO OCR detected: 'S' with confidence 0.68
2026-02-12 10:44:14,864 INFO OCR detected: 'NEWYORI' with confidence 0.97
2026-02-12 10:44:14,864 INFO Valid plate candidate: NEWYORI
2026-02-12 10:44:14,864 INFO OCR detected: 'ABC41234' with confidence 0.32
2026-02-12 10:44:14,865 INFO Valid plate candidate: ABC41234
2026-02-12 10:44:14,966 INFO OCR detected: 'EXCELS' with confidence 0.49
2026-02-12 10:44:14,967 INFO Valid plate candidate: EXCELS
2026-02-12 10:44:15,023 INFO OCR detected: 'ME' with confidence 0.15
2026-02-17 11:27:08,720 WARNING YOLO model not found at c:\Users\asmit\FindMySpot\ai-service\models\best.pt
2026-02-17 11:27:08,725 WARNING Using CPU. Note: This module is much faster with a GPU.
2026-02-17 11:27:18,684 INFO No valid plate in frame; fallback OCR attempted.
2026-02-17 11:27:21,165 INFO No valid plate in frame; fallback OCR attempted.
2026-02-17 11:27:21,963 INFO No valid plate in frame; fallback OCR attempted.
2026-02-17 11:27:22,617 INFO No valid plate in frame; fallback OCR attempted.
2026-02-17 11:27:23,355 INFO No valid plate in frame; fallback OCR attempted.
2026-02-17 11:27:24,498 INFO No valid plate in frame; fallback OCR attempted.
2026-02-17 11:27:26,064 INFO No valid plate in frame; fallback OCR attempted.
